c:\users\thomak\dev\engine\external\sdl_image\visualc\win32\debug\img_xxx.obj
c:\users\thomak\dev\engine\external\sdl_image\visualc\win32\debug\img_xv.obj
c:\users\thomak\dev\engine\external\sdl_image\visualc\win32\debug\img_xpm.obj
c:\users\thomak\dev\engine\external\sdl_image\visualc\win32\debug\img_xcf.obj
c:\users\thomak\dev\engine\external\sdl_image\visualc\win32\debug\img_webp.obj
c:\users\thomak\dev\engine\external\sdl_image\visualc\win32\debug\img_tif.obj
c:\users\thomak\dev\engine\external\sdl_image\visualc\win32\debug\img_tga.obj
c:\users\thomak\dev\engine\external\sdl_image\visualc\win32\debug\img_pnm.obj
c:\users\thomak\dev\engine\external\sdl_image\visualc\win32\debug\img_png.obj
c:\users\thomak\dev\engine\external\sdl_image\visualc\win32\debug\img_pcx.obj
c:\users\thomak\dev\engine\external\sdl_image\visualc\win32\debug\img_lbm.obj
c:\users\thomak\dev\engine\external\sdl_image\visualc\win32\debug\img_jpg.obj
c:\users\thomak\dev\engine\external\sdl_image\visualc\win32\debug\img_gif.obj
c:\users\thomak\dev\engine\external\sdl_image\visualc\win32\debug\img_bmp.obj
c:\users\thomak\dev\engine\external\sdl_image\visualc\win32\debug\img.obj
c:\users\thomak\dev\engine\external\sdl_image\visualc\win32\debug\libjpeg-9.dll
c:\users\thomak\dev\engine\external\sdl_image\visualc\win32\debug\libpng16-16.dll
c:\users\thomak\dev\engine\external\sdl_image\visualc\win32\debug\libtiff-5.dll
c:\users\thomak\dev\engine\external\sdl_image\visualc\win32\debug\libwebp-4.dll
c:\users\thomak\dev\engine\external\sdl_image\visualc\win32\debug\license.jpeg.txt
c:\users\thomak\dev\engine\external\sdl_image\visualc\win32\debug\license.png.txt
c:\users\thomak\dev\engine\external\sdl_image\visualc\win32\debug\license.tiff.txt
c:\users\thomak\dev\engine\external\sdl_image\visualc\win32\debug\license.webp.txt
c:\users\thomak\dev\engine\external\sdl_image\visualc\win32\debug\license.zlib.txt
c:\users\thomak\dev\engine\external\sdl_image\visualc\win32\debug\zlib1.dll
c:\users\thomak\dev\engine\external\sdl_image\visualc\win32\debug\sdl2_image.ilk
c:\users\thomak\dev\engine\external\sdl_image\visualc\win32\debug\sdl2_image.dll
c:\users\thomak\dev\engine\external\sdl_image\visualc\win32\debug\sdl2_image.pdb
c:\users\thomak\dev\engine\external\sdl_image\visualc\win32\debug\version.res
c:\users\thomak\dev\engine\external\sdl_image\visualc\win32\debug\sdl2_image.lib
c:\users\thomak\dev\engine\external\sdl_image\visualc\win32\debug\sdl2_image.exp
c:\users\thomak\dev\engine\external\sdl_image\visualc\\win32\debug\sdl2_image.pdb
c:\users\thomak\dev\engine\external\sdl_image\visualc\\win32\debug\sdl2_image.dll
c:\users\thomak\dev\engine\external\sdl_image\visualc\\win32\debug\sdl2_image.ilk
c:\users\thomak\dev\engine\external\sdl_image\visualc\win32\debug\sdl2_image.tlog\cl.command.1.tlog
c:\users\thomak\dev\engine\external\sdl_image\visualc\win32\debug\sdl2_image.tlog\cl.read.1.tlog
c:\users\thomak\dev\engine\external\sdl_image\visualc\win32\debug\sdl2_image.tlog\cl.write.1.tlog
c:\users\thomak\dev\engine\external\sdl_image\visualc\win32\debug\sdl2_image.tlog\custombuild.command.1.tlog
c:\users\thomak\dev\engine\external\sdl_image\visualc\win32\debug\sdl2_image.tlog\custombuild.read.1.tlog
c:\users\thomak\dev\engine\external\sdl_image\visualc\win32\debug\sdl2_image.tlog\custombuild.write.1.tlog
c:\users\thomak\dev\engine\external\sdl_image\visualc\win32\debug\sdl2_image.tlog\link.command.1.tlog
c:\users\thomak\dev\engine\external\sdl_image\visualc\win32\debug\sdl2_image.tlog\link.read.1.tlog
c:\users\thomak\dev\engine\external\sdl_image\visualc\win32\debug\sdl2_image.tlog\link.write.1.tlog
c:\users\thomak\dev\engine\external\sdl_image\visualc\win32\debug\sdl2_image.tlog\rc.command.1.tlog
c:\users\thomak\dev\engine\external\sdl_image\visualc\win32\debug\sdl2_image.tlog\rc.read.1.tlog
c:\users\thomak\dev\engine\external\sdl_image\visualc\win32\debug\sdl2_image.tlog\rc.write.1.tlog
c:\users\thomak\dev\engine\external\sdl_image\visualc\win32\debug\sdl2_image.tlog\sdl2_image.write.1u.tlog
